ERROR - 2024-05-18 14:57:17 --> Error connecting to the database: mysqli_sql_exception: Unknown database 'safetotrip' in C:\APK\xampp-8.2\htdocs\SafeToTrip\system\Database\MySQLi\Connection.php:186
Stack trace:
#0 C:\APK\xampp-8.2\htdocs\SafeToTrip\system\Database\MySQLi\Connection.php(186): mysqli->real_connect('localhost', 'root', Object(SensitiveParameterValue), 'SafeToTrip', 3306, '', 0)
#1 C:\APK\xampp-8.2\htdocs\SafeToTrip\system\Database\BaseConnection.php(421): CodeIgniter\Database\MySQLi\Connection->connect(false)
#2 C:\APK\xampp-8.2\htdocs\SafeToTrip\system\Database\BaseConnection.php(604): CodeIgniter\Database\BaseConnection->initialize()
#3 C:\APK\xampp-8.2\htdocs\SafeToTrip\system\Database\BaseConnection.php(1471): CodeIgniter\Database\BaseConnection->query('SHOW TABLES FRO...')
#4 C:\APK\xampp-8.2\htdocs\SafeToTrip\system\Database\BaseConnection.php(1490): CodeIgniter\Database\BaseConnection->listTables()
#5 C:\APK\xampp-8.2\htdocs\SafeToTrip\system\Database\MigrationRunner.php(759): CodeIgniter\Database\BaseConnection->tableExists('migrations')
#6 C:\APK\xampp-8.2\htdocs\SafeToTrip\system\Database\MigrationRunner.php(163): CodeIgniter\Database\MigrationRunner->ensureTable()
#7 C:\APK\xampp-8.2\htdocs\SafeToTrip\system\Commands\Database\Migrate.php(85): CodeIgniter\Database\MigrationRunner->latest(NULL)
#8 C:\APK\xampp-8.2\htdocs\SafeToTrip\system\CLI\Commands.php(70): CodeIgniter\Commands\Database\Migrate->run(Array)
#9 C:\APK\xampp-8.2\htdocs\SafeToTrip\system\CLI\Console.php(48): CodeIgniter\CLI\Commands->run('migrate', Array)
#10 C:\APK\xampp-8.2\htdocs\SafeToTrip\system\Boot.php(338): CodeIgniter\CLI\Console->run()
#11 C:\APK\xampp-8.2\htdocs\SafeToTrip\system\Boot.php(104): CodeIgniter\Boot::runCommand(Object(CodeIgniter\CLI\Console))
#12 C:\APK\xampp-8.2\htdocs\SafeToTrip\spark(84): CodeIgniter\Boot::bootSpark(Object(Config\Paths))
#13 {main}

Next CodeIgniter\Database\Exceptions\DatabaseException: Unknown database 'safetotrip' in C:\APK\xampp-8.2\htdocs\SafeToTrip\system\Database\MySQLi\Connection.php:231
Stack trace:
#0 C:\APK\xampp-8.2\htdocs\SafeToTrip\system\Database\BaseConnection.php(421): CodeIgniter\Database\MySQLi\Connection->connect(false)
#1 C:\APK\xampp-8.2\htdocs\SafeToTrip\system\Database\BaseConnection.php(604): CodeIgniter\Database\BaseConnection->initialize()
#2 C:\APK\xampp-8.2\htdocs\SafeToTrip\system\Database\BaseConnection.php(1471): CodeIgniter\Database\BaseConnection->query('SHOW TABLES FRO...')
#3 C:\APK\xampp-8.2\htdocs\SafeToTrip\system\Database\BaseConnection.php(1490): CodeIgniter\Database\BaseConnection->listTables()
#4 C:\APK\xampp-8.2\htdocs\SafeToTrip\system\Database\MigrationRunner.php(759): CodeIgniter\Database\BaseConnection->tableExists('migrations')
#5 C:\APK\xampp-8.2\htdocs\SafeToTrip\system\Database\MigrationRunner.php(163): CodeIgniter\Database\MigrationRunner->ensureTable()
#6 C:\APK\xampp-8.2\htdocs\SafeToTrip\system\Commands\Database\Migrate.php(85): CodeIgniter\Database\MigrationRunner->latest(NULL)
#7 C:\APK\xampp-8.2\htdocs\SafeToTrip\system\CLI\Commands.php(70): CodeIgniter\Commands\Database\Migrate->run(Array)
#8 C:\APK\xampp-8.2\htdocs\SafeToTrip\system\CLI\Console.php(48): CodeIgniter\CLI\Commands->run('migrate', Array)
#9 C:\APK\xampp-8.2\htdocs\SafeToTrip\system\Boot.php(338): CodeIgniter\CLI\Console->run()
#10 C:\APK\xampp-8.2\htdocs\SafeToTrip\system\Boot.php(104): CodeIgniter\Boot::runCommand(Object(CodeIgniter\CLI\Console))
#11 C:\APK\xampp-8.2\htdocs\SafeToTrip\spark(84): CodeIgniter\Boot::bootSpark(Object(Config\Paths))
#12 {main}
ERROR - 2024-05-18 15:00:27 --> mysqli_sql_exception: You have an error in your SQL syntax; check the manual that corresponds to your MariaDB server version for the right syntax to use near '['super_user', 'admin', 'wisatawan']) NOT NULL,
	`created_at` DATETIME NULL,
...' at line 9 in C:\APK\xampp-8.2\htdocs\SafeToTrip\system\Database\MySQLi\Connection.php:308
Stack trace:
#0 C:\APK\xampp-8.2\htdocs\SafeToTrip\system\Database\MySQLi\Connection.php(308): mysqli->query('CREATE TABLE `u...', 0)
#1 C:\APK\xampp-8.2\htdocs\SafeToTrip\system\Database\BaseConnection.php(722): CodeIgniter\Database\MySQLi\Connection->execute('CREATE TABLE `u...')
#2 C:\APK\xampp-8.2\htdocs\SafeToTrip\system\Database\BaseConnection.php(636): CodeIgniter\Database\BaseConnection->simpleQuery('CREATE TABLE `u...')
#3 C:\APK\xampp-8.2\htdocs\SafeToTrip\system\Database\Forge.php(570): CodeIgniter\Database\BaseConnection->query('CREATE TABLE `u...')
#4 C:\APK\xampp-8.2\htdocs\SafeToTrip\app\Database\Migrations\2024-05-18-142346_User.php(54): CodeIgniter\Database\Forge->createTable('user')
#5 C:\APK\xampp-8.2\htdocs\SafeToTrip\system\Database\MigrationRunner.php(867): App\Database\Migrations\User->up()
#6 C:\APK\xampp-8.2\htdocs\SafeToTrip\system\Database\MigrationRunner.php(183): CodeIgniter\Database\MigrationRunner->migrate('up', Object(stdClass))
#7 C:\APK\xampp-8.2\htdocs\SafeToTrip\system\Commands\Database\Migrate.php(85): CodeIgniter\Database\MigrationRunner->latest(NULL)
#8 C:\APK\xampp-8.2\htdocs\SafeToTrip\system\CLI\Commands.php(70): CodeIgniter\Commands\Database\Migrate->run(Array)
#9 C:\APK\xampp-8.2\htdocs\SafeToTrip\system\CLI\Console.php(48): CodeIgniter\CLI\Commands->run('migrate', Array)
#10 C:\APK\xampp-8.2\htdocs\SafeToTrip\system\Boot.php(338): CodeIgniter\CLI\Console->run()
#11 C:\APK\xampp-8.2\htdocs\SafeToTrip\system\Boot.php(104): CodeIgniter\Boot::runCommand(Object(CodeIgniter\CLI\Console))
#12 C:\APK\xampp-8.2\htdocs\SafeToTrip\spark(84): CodeIgniter\Boot::bootSpark(Object(Config\Paths))
#13 {main}
ERROR - 2024-05-18 15:02:41 --> mysqli_sql_exception: Incorrect table definition; there can be only one auto column and it must be defined as a key in C:\APK\xampp-8.2\htdocs\SafeToTrip\system\Database\MySQLi\Connection.php:308
Stack trace:
#0 C:\APK\xampp-8.2\htdocs\SafeToTrip\system\Database\MySQLi\Connection.php(308): mysqli->query('CREATE TABLE `u...', 0)
#1 C:\APK\xampp-8.2\htdocs\SafeToTrip\system\Database\BaseConnection.php(722): CodeIgniter\Database\MySQLi\Connection->execute('CREATE TABLE `u...')
#2 C:\APK\xampp-8.2\htdocs\SafeToTrip\system\Database\BaseConnection.php(636): CodeIgniter\Database\BaseConnection->simpleQuery('CREATE TABLE `u...')
#3 C:\APK\xampp-8.2\htdocs\SafeToTrip\system\Database\Forge.php(570): CodeIgniter\Database\BaseConnection->query('CREATE TABLE `u...')
#4 C:\APK\xampp-8.2\htdocs\SafeToTrip\app\Database\Migrations\2024-05-18-142346_User.php(54): CodeIgniter\Database\Forge->createTable('user')
#5 C:\APK\xampp-8.2\htdocs\SafeToTrip\system\Database\MigrationRunner.php(867): App\Database\Migrations\User->up()
#6 C:\APK\xampp-8.2\htdocs\SafeToTrip\system\Database\MigrationRunner.php(183): CodeIgniter\Database\MigrationRunner->migrate('up', Object(stdClass))
#7 C:\APK\xampp-8.2\htdocs\SafeToTrip\system\Commands\Database\Migrate.php(85): CodeIgniter\Database\MigrationRunner->latest(NULL)
#8 C:\APK\xampp-8.2\htdocs\SafeToTrip\system\CLI\Commands.php(70): CodeIgniter\Commands\Database\Migrate->run(Array)
#9 C:\APK\xampp-8.2\htdocs\SafeToTrip\system\CLI\Console.php(48): CodeIgniter\CLI\Commands->run('migrate', Array)
#10 C:\APK\xampp-8.2\htdocs\SafeToTrip\system\Boot.php(338): CodeIgniter\CLI\Console->run()
#11 C:\APK\xampp-8.2\htdocs\SafeToTrip\system\Boot.php(104): CodeIgniter\Boot::runCommand(Object(CodeIgniter\CLI\Console))
#12 C:\APK\xampp-8.2\htdocs\SafeToTrip\spark(84): CodeIgniter\Boot::bootSpark(Object(Config\Paths))
#13 {main}
CRITICAL - 2024-05-18 16:19:38 --> CodeIgniter\View\Exceptions\ViewException: Invalid file: "temp/homepage/footer.php"
[Method: GET, Route: /]
in SYSTEMPATH\Exceptions\FrameworkException.php on line 41.
 1 SYSTEMPATH\View\View.php(222): CodeIgniter\Exceptions\FrameworkException::forInvalidFile('temp/homepage/footer.php')
 2 SYSTEMPATH\View\View.php(250): CodeIgniter\View\View->render('temp/homepage/footer', [], true)
 3 SYSTEMPATH\Common.php(1171): CodeIgniter\View\View->render('index', [], true)
 4 APPPATH\Controllers\Home.php(9): view('index')
 5 SYSTEMPATH\CodeIgniter.php(933): App\Controllers\Home->index()
 6 SYSTEMPATH\CodeIgniter.php(509): CodeIgniter\CodeIgniter->runController(Object(App\Controllers\Home))
 7 SYSTEMPATH\CodeIgniter.php(355): CodeIgniter\CodeIgniter->handleRequest(null, Object(Config\Cache), false)
 8 SYSTEMPATH\Boot.php(312): CodeIgniter\CodeIgniter->run()
 9 SYSTEMPATH\Boot.php(67): CodeIgniter\Boot::runCodeIgniter(Object(CodeIgniter\CodeIgniter))
10 FCPATH\index.php(56): CodeIgniter\Boot::bootWeb(Object(Config\Paths))
11 SYSTEMPATH\Commands\Server\rewrite.php(49): require_once('C:\\APK\\xampp-8.2\\htdocs\\SafeToTrip\\public\\index.php')
CRITICAL - 2024-05-18 16:24:26 --> CodeIgniter\View\Exceptions\ViewException: Invalid file: "index.php"
[Method: GET, Route: /]
in SYSTEMPATH\Exceptions\FrameworkException.php on line 41.
 1 SYSTEMPATH\View\View.php(222): CodeIgniter\Exceptions\FrameworkException::forInvalidFile('index.php')
 2 SYSTEMPATH\Common.php(1171): CodeIgniter\View\View->render('index', [], true)
 3 APPPATH\Controllers\Home.php(9): view('index')
 4 SYSTEMPATH\CodeIgniter.php(933): App\Controllers\Home->index()
 5 SYSTEMPATH\CodeIgniter.php(509): CodeIgniter\CodeIgniter->runController(Object(App\Controllers\Home))
 6 SYSTEMPATH\CodeIgniter.php(355): CodeIgniter\CodeIgniter->handleRequest(null, Object(Config\Cache), false)
 7 SYSTEMPATH\Boot.php(312): CodeIgniter\CodeIgniter->run()
 8 SYSTEMPATH\Boot.php(67): CodeIgniter\Boot::runCodeIgniter(Object(CodeIgniter\CodeIgniter))
 9 FCPATH\index.php(56): CodeIgniter\Boot::bootWeb(Object(Config\Paths))
10 SYSTEMPATH\Commands\Server\rewrite.php(49): require_once('C:\\APK\\xampp-8.2\\htdocs\\SafeToTrip\\public\\index.php')
